// Jest Snapshot v1, https://goo.gl/fbAQLP

exports[`createHandlers should create handlers from scenarios 1`] = `
Array [
  Object {
    "header": "GET /user",
    "method": "GET",
    "path": "/user",
  },
  Object {
    "header": "GET /user",
    "method": "GET",
    "path": "/user",
  },
  Object {
    "header": "GET /users",
    "method": "GET",
    "path": "/users",
  },
  Object {
    "header": "GET /users",
    "method": "GET",
    "path": "/users",
  },
  Object {
    "header": "GET /user",
    "method": "GET",
    "path": "/user",
  },
  Object {
    "header": "GET /users",
    "method": "GET",
    "path": "/users",
  },
  Object {
    "header": "GET /user",
    "method": "GET",
    "path": "/user",
  },
  Object {
    "header": "GET /users",
    "method": "GET",
    "path": "/users",
  },
  Object {
    "header": "PUT /scenario",
    "method": "PUT",
    "path": "/scenario",
  },
  Object {
    "header": "DELETE /scenario",
    "method": "DELETE",
    "path": "/scenario",
  },
]
`;
